// Jest Snapshot v1, https://goo.gl/fbAQLP

exports[`Testing <HomePage/> Compares with a snapshot of <HomePage/> 1`] = `
Object {
  "asFragment": [Function],
  "baseElement": <body>
    <div>
      <section
        class="homepage"
      >
        <h1
          class="sc-iBPTik cWzyta"
        >
          Welcome To The Challenge!
        </h1>
        <ul
          class="sc-jSgvzq cErgQG"
        >
          <h3
            class="sc-gKseQn flKMzi"
          >
            No videos to display, Try Reloading.
          </h3>
        </ul>
      </section>
    </div>
  </body>,
  "container": <div>
    <section
      class="homepage"
    >
      <h1
        class="sc-iBPTik cWzyta"
      >
        Welcome To The Challenge!
      </h1>
      <ul
        class="sc-jSgvzq cErgQG"
      >
        <h3
          class="sc-gKseQn flKMzi"
        >
          No videos to display, Try Reloading.
        </h3>
      </ul>
    </section>
  </div>,
  "debug": [Function],
  "findAllByAltText": [Function],
  "findAllByDisplayValue": [Function],
  "findAllByLabelText": [Function],
  "findAllByPlaceholderText": [Function],
  "findAllByRole": [Function],
  "findAllByTestId": [Function],
  "findAllByText": [Function],
  "findAllByTitle": [Function],
  "findByAltText": [Function],
  "findByDisplayValue": [Function],
  "findByLabelText": [Function],
  "findByPlaceholderText": [Function],
  "findByRole": [Function],
  "findByTestId": [Function],
  "findByText": [Function],
  "findByTitle": [Function],
  "getAllByAltText": [Function],
  "getAllByDisplayValue": [Function],
  "getAllByLabelText": [Function],
  "getAllByPlaceholderText": [Function],
  "getAllByRole": [Function],
  "getAllByTestId": [Function],
  "getAllByText": [Function],
  "getAllByTitle": [Function],
  "getByAltText": [Function],
  "getByDisplayValue": [Function],
  "getByLabelText": [Function],
  "getByPlaceholderText": [Function],
  "getByRole": [Function],
  "getByTestId": [Function],
  "getByText": [Function],
  "getByTitle": [Function],
  "queryAllByAltText": [Function],
  "queryAllByDisplayValue": [Function],
  "queryAllByLabelText": [Function],
  "queryAllByPlaceholderText": [Function],
  "queryAllByRole": [Function],
  "queryAllByTestId": [Function],
  "queryAllByText": [Function],
  "queryAllByTitle": [Function],
  "queryByAltText": [Function],
  "queryByDisplayValue": [Function],
  "queryByLabelText": [Function],
  "queryByPlaceholderText": [Function],
  "queryByRole": [Function],
  "queryByTestId": [Function],
  "queryByText": [Function],
  "queryByTitle": [Function],
  "rerender": [Function],
  "unmount": [Function],
}
`;
