// Jest Snapshot v1, https://goo.gl/fbAQLP

exports[`Testing <Layout/> <Layout/> matches snapshot 1`] = `
<div>
  <main
    class="sc-bdfBQB dlQAfE"
  />
</div>
`;
