// Jest Snapshot v1, https://goo.gl/fbAQLP

exports[`Testing <Toggle/> <Toggle/> matches snapshot 1`] = `
<div>
  <div
    class="sc-bdfBQB kImYyL"
  >
    <label
      class="sc-gsTEea iyoBSX"
    >
      <svg
        fill="currentColor"
        height="1em"
        stroke="currentColor"
        stroke-width="0"
        viewBox="0 0 16 16"
        width="1em"
        xmlns="http://www.w3.org/2000/svg"
      >
        <path
          d="M9 11c.628-.836 1-1.874 1-3a4.978 4.978 0 0 0-1-3h4a3 3 0 1 1 0 6H9z"
        />
        <path
          d="M5 12a4 4 0 1 1 0-8 4 4 0 0 1 0 8zm0 1A5 5 0 1 0 5 3a5 5 0 0 0 0 10z"
        />
      </svg>
    </label>
    <span
      class="sc-dlfnuX GDpQq"
    >
      Dark Mode
    </span>
  </div>
</div>
`;
